/// Generated - Do Not Edit
namespace Static.Class
{
    using System;
    using System.Collections.Generic;
    using System.Text.Json.Serialization;
    using System.Threading.Tasks;
    using EventHorizon.Blazor.Interop;
    using Microsoft.JSInterop;

    
    
    [JsonConverter(typeof(CachedEntityConverter))]
    public class ExampleClass : CachedEntityObject
    {
        #region Static Accessors

        #endregion

        #region Static Properties

        #endregion

        #region Static Methods

        #endregion

        #region Accessors
        private IInterfaceResponseType __InterfaceResponseType;
        public IInterfaceResponseType InterfaceResponseType
        {
            get
            {
            if(__InterfaceResponseType == null)
            {
                __InterfaceResponseType = EventHorizonBlazorInteropt.GetClass<IInterfaceResponseType>(
                    this.___guid,
                    "InterfaceResponseType",
                    (entity) =>
                    {
                        return new IInterfaceResponseTypeCachedEntity(entity);
                    }
                );
            }
            return __InterfaceResponseType;
            }
        }
        #endregion

        #region Properties

        #endregion
        
        #region Constructor
        public ExampleClass() : base() { } 

        public ExampleClass(
            ICachedEntity entity
        ) : base(entity)
        {
            ___guid = entity.___guid;
        }


        #endregion

        #region Methods

        #endregion
    }
}