/// Generated - Do Not Edit
namespace Static.Class
{
    using System;
    using System.Collections.Generic;
    using System.Text.Json.Serialization;
    using System.Threading.Tasks;
    using EventHorizon.Blazor.Interop;
    using Microsoft.JSInterop;

    
    
    [JsonConverter(typeof(CachedEntityConverter))]
    public class ExampleClass : CachedEntityObject
    {
        #region Static Accessors

        #endregion

        #region Static Properties

        #endregion

        #region Static Methods

        #endregion

        #region Accessors

        #endregion

        #region Properties

        #endregion
        
        #region Constructor
        public ExampleClass() : base() { } 

        public ExampleClass(
            ICachedEntity entity
        ) : base(entity)
        {
            ___guid = entity.___guid;
        }


        #endregion

        #region Methods
        #region add TODO: Get Comments as metadata identification
        private bool _isAddEnabled = false;
        private readonly IDictionary<string, Func<Task>> _addActionMap = new Dictionary<string, Func<Task>>();

        public string add(
            Func<Task> callback
        )
        {
            SetupAddLoop();

            var handle = Guid.NewGuid().ToString();
            _addActionMap.Add(
                handle,
                callback
            );

            return handle;
        }

        private void SetupAddLoop()
        {
            if (_isAddEnabled)
            {
                return;
            }
            EventHorizonBlazorInteropt.FuncCallback(
                this,
                "add",
                "CallAddActions",
                _invokableReference
            );
            _isAddEnabled = true;
        }

        [JSInvokable]
        public async Task CallAddActions()
        {
            foreach (var action in _addActionMap.Values)
            {
                await action();
            }
        }
        #endregion
        #endregion
    }
}