/// Generated - Do Not Edit
namespace Generic.Properties
{
    using System;
    using System.Collections.Generic;
    using System.Text.Json.Serialization;
    using System.Threading.Tasks;
    using EventHorizon.Blazor.Interop;
    using Microsoft.JSInterop;

    
    
    [JsonConverter(typeof(CachedEntityConverter))]
    public class ExampleClass<TCamera> : CachedEntityObject where TCamera : CachedEntity, new()
    {
        #region Static Accessors

        #endregion

        #region Static Properties

        #endregion

        #region Static Methods

        #endregion

        #region Accessors

        #endregion

        #region Properties

        #endregion
        
        #region Constructor
        public ExampleClass() : base() { } 

        public ExampleClass(
            ICachedEntity entity
        ) : base(entity)
        {
            ___guid = entity.___guid;
        }


        #endregion

        #region Methods
        public CameraInputsMapCachedEntity<TCamera> attached()
        {
            return EventHorizonBlazorInteropt.FuncClass<CameraInputsMapCachedEntity<TCamera>>(
                entity => new CameraInputsMapCachedEntity<TCamera>() { ___guid = entity.___guid },
                new object[] 
                {
                    new string[] { this.___guid, "attached" }
                }
            );
        }

        public Observable<CameraInputsMapCachedEntity> initWebVR()
        {
            return EventHorizonBlazorInteropt.FuncClass<Observable<CameraInputsMapCachedEntity>>(
                entity => new Observable<CameraInputsMapCachedEntity>() { ___guid = entity.___guid },
                new object[] 
                {
                    new string[] { this.___guid, "initWebVR" }
                }
            );
        }
        #endregion
    }
}