/// Generated - Do Not Edit
namespace BabylonJS
{
    using System;
    using System.Collections.Generic;
    using System.Text.Json.Serialization;
    using System.Threading.Tasks;
    using EventHorizon.Blazor.Interop;
    using Microsoft.JSInterop;

    public interface ExampleInterface { }
    
    [JsonConverter(typeof(CachedEntityConverter))]
    public class ExampleInterfaceCachedEntity : CachedEntityObject, ExampleInterface
    {
        #region Static Accessors

        #endregion

        #region Static Properties

        #endregion

        #region Static Methods

        #endregion

        #region Accessors

        #endregion

        #region Properties

        #endregion
        
        #region Constructor
        public ExampleInterfaceCachedEntity() : base() { }

        public ExampleInterfaceCachedEntity(
            ICachedEntity entity
        ) : base(entity)
        {
        }


        #endregion

        #region Methods

        #endregion
    }
}