/// Generated - Do Not Edit
namespace Static.Primitive
{
    using System;
    using System.Collections.Generic;
    using System.Text.Json.Serialization;
    using System.Threading.Tasks;
    using EventHorizon.Blazor.Interop;
    using Microsoft.JSInterop;

    
    
    [JsonConverter(typeof(CachedEntityConverter))]
    public class ExampleClass : CachedEntityObject
    {
        #region Static Accessors

        #endregion

        #region Static Properties

        #endregion

        #region Static Methods

        #endregion

        #region Accessors

        #endregion

        #region Properties
        
        public string stringType
        {
            get
            {
            return EventHorizonBlazorInteropt.Get<string>(
                    this.___guid,
                    "stringType"
                );
            }
            set
            {

                EventHorizonBlazorInteropt.Set(
                    this.___guid,
                    "stringType",
                    value
                );
            }
        }

        
        public bool booleanType
        {
            get
            {
            return EventHorizonBlazorInteropt.Get<bool>(
                    this.___guid,
                    "booleanType"
                );
            }
            set
            {

                EventHorizonBlazorInteropt.Set(
                    this.___guid,
                    "booleanType",
                    value
                );
            }
        }

        
        public CachedEntity htmlElementType
        {
            get
            {
            return EventHorizonBlazorInteropt.Get<CachedEntity>(
                    this.___guid,
                    "htmlElementType"
                );
            }
            set
            {

                EventHorizonBlazorInteropt.Set(
                    this.___guid,
                    "htmlElementType",
                    value
                );
            }
        }

        
        public int intType
        {
            get
            {
            return EventHorizonBlazorInteropt.Get<int>(
                    this.___guid,
                    "intType"
                );
            }
            set
            {

                EventHorizonBlazorInteropt.Set(
                    this.___guid,
                    "intType",
                    value
                );
            }
        }
        #endregion
        
        #region Constructor
        public ExampleClass() : base() { } 

        public ExampleClass(
            ICachedEntity entity
        ) : base(entity)
        {
            ___guid = entity.___guid;
        }


        #endregion

        #region Methods

        #endregion
    }
}