/// Generated - Do Not Edit
namespace Static.Primitive
{
    using System;
    using System.Collections.Generic;
    using System.Text.Json.Serialization;
    using System.Threading.Tasks;
    using EventHorizon.Blazor.Interop;
    using Microsoft.JSInterop;

    
    
    [JsonConverter(typeof(CachedEntityConverter))]
    public class ExampleClass : CachedEntityObject
    {
        #region Static Accessors
        private static Vector3 __Up;
        public static Vector3 Up
        {
            get
            {
            if(__Up == null)
            {
                __Up = EventHorizonBlazorInteropt.GetClass<Vector3>(
                    "Static",
                    "Primitive.ExampleClass.Up",
                    (entity) =>
                    {
                        return new Vector3(entity);
                    }
                );
            }
            return __Up;
            }
        }
        #endregion

        #region Static Properties

        #endregion

        #region Static Methods

        #endregion

        #region Accessors

        #endregion

        #region Properties

        #endregion
        
        #region Constructor
        public ExampleClass() : base() { } 

        public ExampleClass(
            ICachedEntity entity
        ) : base(entity)
        {
            ___guid = entity.___guid;
        }


        #endregion

        #region Methods

        #endregion
    }
}